{
    "testvariantWithGenome - vcf - stub": {
        "content": [
            [
                "versions.yml:md5,38325133c4cb8cd794588faf67feb345"
            ]
        ],
        "meta": {
            "nf-test": "0.8.4",
            "nextflow": "23.10.1"
        },
        "timestamp": "2024-03-19T12:09:37.091895286"
    },
    "variants with fasta and tracks - vcf": {
        "content": [
            [
                "versions.yml:md5,38325133c4cb8cd794588faf67feb345"
            ]
        ],
        "meta": {
            "nf-test": "0.8.4",
            "nextflow": "24.04.2"
        },
        "timestamp": "2024-06-02T15:50:50.591954977"
    },
    "testvariantsWithGenome - vcf": {
        "content": [
            [
                "versions.yml:md5,38325133c4cb8cd794588faf67feb345"
            ]
        ],
        "meta": {
            "nf-test": "0.8.4",
            "nextflow": "23.10.1"
        },
        "timestamp": "2024-03-19T13:55:24.216860945"
    },
    "testvariantsWithFastaAndTracks - vcf": {
        "content": [
            [
                "versions.yml:md5,38325133c4cb8cd794588faf67feb345"
            ]
        ],
        "meta": {
            "nf-test": "0.8.4",
            "nextflow": "24.04.2"
        },
        "timestamp": "2024-05-31T19:42:00.230037425"
    },
    "testvariantsWithFasta - vcf": {
        "content": [
            [
                "versions.yml:md5,38325133c4cb8cd794588faf67feb345"
            ]
        ],
        "meta": {
            "nf-test": "0.8.4",
            "nextflow": "23.10.1"
        },
        "timestamp": "2024-03-19T13:41:37.146728439"
    },
    "variants with fasta - vcf": {
        "content": [
            [
                "versions.yml:md5,38325133c4cb8cd794588faf67feb345"
            ]
        ],
        "meta": {
            "nf-test": "0.8.4",
            "nextflow": "24.04.2"
        },
        "timestamp": "2024-06-02T15:50:45.448150309"
    },
    "variants with genome - vcf": {
        "content": [
            [
                "versions.yml:md5,38325133c4cb8cd794588faf67feb345"
            ]
        ],
        "meta": {
            "nf-test": "0.8.4",
            "nextflow": "24.04.2"
        },
        "timestamp": "2024-06-02T15:51:05.800303544"
    },
    "variant with genome - vcf - stub": {
        "content": [
            [
                "versions.yml:md5,38325133c4cb8cd794588faf67feb345"
            ]
        ],
        "meta": {
            "nf-test": "0.8.4",
            "nextflow": "24.04.2"
        },
        "timestamp": "2024-06-02T15:51:09.955722957"
    }
}